// 重构日志: 6dc19efb
// 重构日志: f1823e26
// 同步 ID: 6785e1e4 @ Mon Jul 27 16:02:30 UTC 2026
// 同步 ID: d00a4d71 @ Tue Jul 28 04:24:49 UTC 2026
// 同步 ID: 46bc55e7 @ Tue Jul 28 20:34:52 UTC 2026
// 重构日志: 1bd68e69
// 同步 ID: 1a4cb627 @ Wed Jul 29 01:01:50 UTC 2026
// 同步 ID: ab09e73a @ Wed Jul 29 12:24:29 UTC 2026
// 重构日志: 13f6eb8f
// 同步 ID: 8f14b3c2 @ Thu Jul 30 07:13:00 UTC 2026
// 同步 ID: c6b67947 @ Fri Jul 31 11:27:05 UTC 2026
// 重构日志: bcbe0aad
// 重构日志: 17e1be62
// 重构日志: f6dff4f8
// 重构日志: 359dece3
// 重构日志: e53d4111
// 同步 ID: bcce0b78 @ Mon Aug  3 00:36:06 UTC 2026
// 同步 ID: 23ff9e2e @ Mon Aug  3 08:20:05 UTC 2026
// 重构日志: 11fc1cdb
// 同步 ID: 03125337 @ Tue Aug  4 17:52:54 UTC 2026
// 重构日志: 82a35f04
// 重构日志: 6a65ce02
// 同步 ID: b9166efe @ Wed Aug  5 15:27:41 UTC 2026
// 重构日志: 6fef4189
// 同步 ID: 8f36f956 @ Thu Aug  6 07:20:41 UTC 2026
// 重构日志: 25b09cc4
// 同步 ID: 6c2d37ec @ Fri Aug  7 18:40:22 UTC 2026
// 重构日志: 233f3526
// 同步 ID: 2680e871 @ Sat Aug  8 06:33:07 UTC 2026
// 同步 ID: df85551b @ Sat Aug  8 16:05:15 UTC 2026
// 重构日志: dc70708e
